
Processor: GUS16 v6

; Label listing -----------------------------------

0006   (    6)   CPUMODEL
0020   (   32)   IOBASE
0020   (   32)   IRQEN
0021   (   33)   PFLAGS
0021   (   33)   PWM
0022   (   34)   UARTDAT
0023   (   35)   TIMER
0024   (   36)   GPO
0026   (   38)   FLAG0
0027   (   39)   PC0
0001   (    1)   IRQRXEN
0002   (    2)   IRQTXEN
0004   (    4)   IRQTIMEN
0008   (    8)   IRQPWMEN
0010   (   16)   IRQSSTEPEN
0001   (    1)   UARTDV
0002   (    2)   UARTRDY
0004   (    4)   UARTOVER
0008   (    8)   UARTFER
0010   (   16)   PWMF
8000   (32768)   TIMOV
FC00   (64512)   PINIT
FC00   (64512)   SSTEPIRQ
FAEF   (64239)   JMPIRQ
FC05   (64517)   DB00
FC0E   (64526)   DB001
FC11   (64529)   DB002
FC12   (64530)   DB01
FC22   (64546)   DB02
FC24   (64548)   DB03
FC2B   (64555)   DBUPD
FC2E   (64558)   DB04
FC3C   (64572)   DB2
FC40   (64576)   DB3
FC45   (64581)   DB4
FC4D   (64589)   DB41
FC5F   (64607)   DB5
FC6C   (64620)   DBPROM
FC6D   (64621)   DBKEY
FC73   (64627)   DB51
FC78   (64632)   DB10
FC7F   (64639)   DB15
FC82   (64642)   DB20
FC87   (64647)   DB30
FC8A   (64650)   DB31
FC90   (64656)   DB35
FC94   (64660)   DB40
FC9D   (64669)   DB45
FCA0   (64672)   DB44
FCA3   (64675)   DB50
FCAA   (64682)   DB60
FCB0   (64688)   DB70
FCB6   (64694)   IEND0
FCB7   (64695)   IEND
FCBA   (64698)   IEND2
FCC0   (64704)   MSGCLS
FCC4   (64708)   MSGFLG
FCD2   (64722)   FLGTBL
FCD6   (64726)   MSGPOS
FCD8   (64728)   MSGREG
FCDB   (64731)   MSGBRK
FCE3   (64739)   MSGEBRK
FCED   (64749)   MSGPAUSE
FCF2   (64754)   DISABLK
FCF5   (64757)   DISA1
FD03   (64771)   DISA2
FD05   (64773)   DISA3
FD0D   (64781)   DISASSEMBLE
FD26   (64806)   DIS01
FD2B   (64811)   DIS1
FD46   (64838)   DIS13
FD49   (64841)   DIS11
FD56   (64854)   DIS12
FD5E   (64862)   DIS2
FD6D   (64877)   DIS20
FD75   (64885)   DIS21
FD80   (64896)   DIS22
FD86   (64902)   DIS221
FD90   (64912)   DIS23
FDA8   (64936)   DIS24
FDA8   (64936)   DIS3
FDB9   (64953)   DIS4
FDCC   (64972)   DIS99
FDD2   (64978)   PRNEMO
FDE8   (65000)   PRREG
FDEF   (65007)   NMTAB
FE39   (65081)   GETHEX
FE41   (65089)   GHEX1
FE4A   (65098)   GHEX2
FE51   (65105)   GHEX3
FE56   (65110)   GHEX9
FE5C   (65116)   GHEX95
FE60   (65120)   MDUMP
FE63   (65123)   MD1
FE6A   (65130)   MD2
FE76   (65142)   MD3
FE89   (65161)   GOODCH
FE8E   (65166)   GOCH1
FE8F   (65167)   GOCH2
FE90   (65168)   PUTSBE
FE91   (65169)   PUTSBE1
FE9C   (65180)   PUTSBE3
FE9D   (65181)   PUTCH
FEA0   (65184)   PRTHEXV
FEA9   (65193)   PRTHEX8
FEAD   (65197)   PRTH81
FEB0   (65200)   PRTHEX
FEB5   (65205)   PTX1
FEBB   (65211)   PTX2
FEC3   (65219)   BVAR
FEC3   (65219)   LDPCF
FEC4   (65220)   TRACE
FEC5   (65221)   BREAK
FEC6   (65222)   RUTSP
FEC7   (65223)   CADDR
FEC8   (65224)   MSGHELP
FF42   (65346)   TXTLOAD
FF4F   (65359)   PSTART
FF4F   (65359)   START
FF54   (65364)   BUC1
FF5E   (65374)   BUC2
FF71   (65393)   GETW
FF76   (65398)   PEND

; Program listing ----------------------------------

0000  -         ;---------------------------------------------------------------------
0000  -         ; PROGRAMMING CONVENTIONS:
0000  -         ; STRICT:
0000  -         ; - CORE REVISION 6 INSTRUCTION SET
0000  -         ; - R7 IS THE STACK POINTER	(SOFTWARE)
0000  -         ; - R6 HOLDS THE RETURN ADDRESS FOR SUBROUTINES (JAL)
0000  -         ; - FULL-DESCENDING STACK
0000  -         ; LOOSE GUIDELINES:
0000  -         ; - R0, R1, R2 ARE USED FOR ARGUMENTS / RESULTS
0000  -         ;              VALUES MAY CHANGE ON SUBROUTINE CALLS
0000  -         ; - R3, R4, R5 ARE USED FOR LOCAL VARIABLES
0000  -         ;              VALUES ARE PRESERVED ON SUBROUTINE CALLS
0000  -         ;---------------------------------------------------------------------
0000  -         ;---------------------------------------------------------------------
0000  -         ;----------- I/O MAP  -----------
0000  -         
0000  -         IOBASE=		0X20
0000  -         IRQEN=		0X20
0000  -         PFLAGS=		0X21
0000  -         PWM=		0X21
0000  -         UARTDAT=	0X22
0000  -         TIMER=		0X23
0000  -         GPO=		0X24
0000  -         
0000  -         FLAG0=		0X26	; USER-MODE FLAGS
0000  -         PC0=		0X27	; USER-MODE PC
0000  -         
0000  -         ;--------- INTERRUPT ENABLE --------
0000  -         IRQRXEN=	1
0000  -         IRQTXEN=	2
0000  -         IRQTIMEN=	4
0000  -         IRQPWMEN=	8
0000  -         IRQSSTEPEN=	16		; SINGLE-STEP IRQ
0000  -         ;--------- PFLAGS REGISTER BITS -----------
0000  -         UARTDV=		1		; DATA VALID (UART RX)
0000  -         UARTRDY=	2		; TRANSMITTER READY (UART TX)
0000  -         UARTOVER=	4		; RX OVERRUN ERROR
0000  -         UARTFER=	8		; RX FRAME ERROR
0000  -         PWMF=		16		; PWM INTERRUPT
0000  -         TIMOV=		0X8000	; TIMER OVERFLOW (SIGN BIT)
0000  -         
0000  -         ;--------------------------------------
0000  -         ;------- HEADER FOR BOOTLOADER --------
0000  -         ;--------------------------------------
0000  -         
0000  -         		ORG		0XFC00-4
FBFC  -         		
FBFC  -  4CFF   		WORD	0X4CFF			; MARK
FBFD  -  FC00   		WORD	PINIT			; DESTINATION ADDRESS
FBFE  -  0376   		WORD	PEND-PINIT		; SIZE (WORDS)
FBFF  -  FF4F   		WORD	PSTART			; EXECUTION ADDRESS
FC00  -         
FC00  -         ;--------------------------------------
FC00  -         ;------------- CODE -----------------
FC00  -         ;--------------------------------------
FC00  -         PINIT:
FC00  -         
FC00  -         ;-------------------------------------------------------------------
FC00  -         ; INTERRUPTS
FC00  -         ;-------------------------------------------------------------------
FC00  -         		
FC00  -         SSTEPIRQ:
FC00  -         
FC00  -         JMPIRQ= ~(0X10110-SSTEPIRQ)		; OPCODE OF: JR FROM 0X110 TO HERE
FC00  -         
FC00  -  1F07   		SUBI	R7,7
FC01  -  69E1   		ST		(R7+1),R1
FC02  -  6BE3   		ST		(R7+3),R3
FC03  -  6CE4   		ST		(R7+4),R4
FC04  -  6DE5   		ST		(R7+5),R5
FC05  -         
FC05  -  5520   DB00:	LDI		R5,IOBASE
FC06  -  5BE0   		LDPC	R3
FC07  -  FEC3   		WORD	BVAR
FC08  -         		
FC08  -  64A7   		LD		R4,(R5+PC0-IOBASE)		; R4: PC NORMAL MODE
FC09  -  61A1   		LD		R1,(R5+PFLAGS-IOBASE)
FC0A  -  3140   		ANDI	R1,0X40					; CTRL-C FLAG SET?
FC0B  -  8002   		JZ		DB001
FC0C  -  61A2   		LD		R1,(R5+UARTDAT-IOBASE)	; FLUSH RX
FC0D  -  F003   		JR		DB002
FC0E  -  6162   DB001:	LD		R1,(R3+BREAK-BVAR)	; IF(BREAK==PC) SET_TRACE
FC0F  -  0986   		XOR		R1,R4,R1			; CHECK FOR BREAKPOINT
FC10  -  9001   		JNZ		DB01
FC11  -  6D61   DB002:	ST		(R3+TRACE-BVAR),R5	
FC12  -         DB01:		
FC12  -  6161   		LD		R1,(R3+TRACE-BVAR)	; IF (!TRACE) RETURN
FC13  -  80A6   		JZ		IEND2
FC14  -  68E0   		ST		(R7+0),R0			; SAVE REST OF REGISTERS
FC15  -  6AE2   		ST		(R7+2),R2
FC16  -  6EE6   		ST		(R7+6),R6
FC17  -  D00C   		JPL		DB03				; IF (TRACE<0) WAIT FOR RETURN (JIND R6)
FC18  -  6080   		LD		R0,(R4)
FC19  -  5AE0   		LDPC	R2
FC1A  -  58FA   		JIND R6
FC1B  -  080A   		XOR		R0,R0,R2
FC1C  -  909A   		JNZ		IEND
FC1D  -  3101   		ANDI	R1,1
FC1E  -  8003   		JZ		DB02
FC1F  -  6163   		LD		R1,(R3+RUTSP-BVAR)	; HIGHER STACK LEVEL?
FC20  -  013D   		SUB		R1,R1,R7
FC21  -  D095   		JPL		IEND
FC22  -  5102   DB02:	LDI		R1,2
FC23  -  6961   		ST		(R3+TRACE-BVAR),R1	; TRACE POSITIVE
FC24  -         
FC24  -  60A1   DB03:	LD		R0,(R5+PFLAGS-IOBASE)
FC25  -  3020   		ANDI	R0,0X20				; SCREEN DIRTY?
FC26  -  8007   		JZ		DB04
FC27  -  58E0   		LDPC	R0
FC28  -  FCED   		WORD	MSGPAUSE
FC29  -  7266   		JAL		PUTSBE
FC2A  -  60A2   		LD		R0,(R5+UARTDAT-IOBASE)	; GETCH
FC2B  -         
FC2B  -  64A7   DBUPD:	LD		R4,(R5+PC0-IOBASE)
FC2C  -  5BE0   		LDPC	R3
FC2D  -  FEC3   		WORD	BVAR
FC2E  -  5100   DB04:	LDI		R1,0
FC2F  -  6960   		ST		(R3+LDPCF-BVAR),R1	; CLEAR LDPC FLAG
FC30  -         
FC30  -  58E0   		LDPC	R0					; CLEAR SCREEN
FC31  -  FCC0   		WORD	MSGCLS ;+2
FC32  -  725D   		JAL		PUTSBE
FC33  -         		
FC33  -         		; PRINT CODE @ PC0
FC33  -  70BE   		JAL		DISABLK		
FC34  -         		; PRINT FLAGS0
FC34  -  58E0   		LDPC	R0
FC35  -  FCC4   		WORD	MSGFLG
FC36  -  7259   		JAL		PUTSBE
FC37  -  64A6   		LD		R4,(R5+FLAG0-IOBASE)
FC38  -  5C30   		RORI	R4,R4,4
FC39  -  5304   		LDI		R3,4
FC3A  -  5AE0   		LDPC	R2
FC3B  -  FCD2   		WORD	FLGTBL
FC3C  -  505F   DB2:	LDI		R0,'_'
FC3D  -  0490   		ADD		R4,R4,R4		
FC3E  -  B001   		JNC		DB3
FC3F  -  6040   		LD		R0,(R2)	
FC40  -  68A2   DB3:	ST		(R5+UARTDAT-IOBASE),R0
FC41  -  1201   		ADDI	R2,1
FC42  -  1B01   		SUBI	R3,1
FC43  -  9FF8   		JNZ		DB2
FC44  -         		
FC44  -         		; PRINT REGISTERS
FC44  -  5300   		LDI		R3,0
FC45  -  58E0   DB4:	LDPC	R0
FC46  -  FCD6   		WORD	MSGPOS
FC47  -  7248   		JAL		PUTSBE
FC48  -  5003   		LDI		R0,3
FC49  -  0060   		ADD		R0,R3,R0
FC4A  -  480A   		CMPI	R0,10		; TRANSLATE 0X0A-0X0F TO 0X10-0X15
FC4B  -  C001   		JMI		DB41
FC4C  -  1006   		ADDI	R0,6
FC4D  -  7252   DB41:	JAL		PRTHEXV
FC4E  -  58E0   		LDPC	R0
FC4F  -  FCD8   		WORD	MSGREG
FC50  -  723F   		JAL		PUTSBE
FC51  -  5030   		LDI		R0,'0'
FC52  -  0060   		ADD		R0,R3,R0
FC53  -  68A2   		ST		(R5+UARTDAT-IOBASE),R0
FC54  -  503A   		LDI		R0,':'
FC55  -  68A2   		ST		(R5+UARTDAT-IOBASE),R0
FC56  -  5020   		LDI		R0,' '
FC57  -  68A2   		ST		(R5+UARTDAT-IOBASE),R0
FC58  -  086D   		OR		R0,R3,R3
FC59  -  001C   		ADD		R0,R0,R7
FC5A  -  6000   		LD		R0,(R0)
FC5B  -  4B07   		CMPI	R3,7
FC5C  -  9002   		JNZ		DB5
FC5D  -  5007   		LDI		R0,7
FC5E  -  001C   		ADD		R0,R0,R7
FC5F  -  7250   DB5:	JAL		PRTHEX
FC60  -  1301   		ADDI	R3,1
FC61  -  4B08   		CMPI	R3,8
FC62  -  9FE2   		JNZ		DB4
FC63  -         
FC63  -         		; PRINT BRK
FC63  -  58E0   		LDPC	R0
FC64  -  FCDB   		WORD	MSGBRK
FC65  -  722A   		JAL		PUTSBE
FC66  -  58E0   		LDPC	R0
FC67  -  FEC3   		WORD	BVAR
FC68  -  6002   		LD		R0,(R0+BREAK-BVAR)
FC69  -  7246   		JAL		PRTHEX
FC6A  -  58E0   		LDPC	R0
FC6B  -  FCE3   		WORD	MSGEBRK
FC6C  -  7223   DBPROM:	JAL		PUTSBE
FC6D  -         		;------------------
FC6D  -         		; USER COMMANDS
FC6D  -         		;------------------
FC6D  -  60A2   DBKEY:	LD		R0,(R5+UARTDAT-IOBASE)
FC6E  -  4863   		CMPI	R0,'c'		; CONTINUE
FC6F  -  9008   		JNZ		DB10
FC70  -  60A0   		LD		R0,(R5)		; DISABLE SINGLE-STEP IRQ
FC71  -  30EF   		ANDI	R0,0XEF
FC72  -  68A0   		ST		(R5),R0
FC73  -  58E0   DB51:	LDPC	R0
FC74  -  FCC0   		WORD	MSGCLS
FC75  -  721A   		JAL		PUTSBE
FC76  -  68A6   		ST		(R5+FLAG0-IOBASE),R0	; CLEAR DIRTY
FC77  -  F03F   		JR		IEND
FC78  -         		
FC78  -  486E   DB10:	CMPI	R0,'n'		; BREAK ON NEXT INSTR
FC79  -  9008   		JNZ		DB20
FC7A  -  60A7   		LD		R0,(R5+PC0-IOBASE)
FC7B  -  1001   		ADDI	R0,1
FC7C  -  5BE0   		LDPC	R3
FC7D  -  FEC3   		WORD	BVAR
FC7E  -  6862   		ST		(R3+BREAK-BVAR),R0
FC7F  -  5000   DB15:	LDI		R0,0
FC80  -  6861   		ST		(R3+TRACE-BVAR),R0
FC81  -  FFF1   		JR		DB51
FC82  -         
FC82  -  4865   DB20:	CMPI	R0,'e'		; EXEC WITH BREAKPOINT (SLOW)
FC83  -  9003   		JNZ		DB30
FC84  -  5BE0   		LDPC	R3
FC85  -  FEC3   		WORD	BVAR
FC86  -  FFF8   		JR		DB15
FC87  -         		
FC87  -  4872   DB30:	CMPI	R0,'r'		; EXEC UNTIL RETURN
FC88  -  9007   		JNZ		DB35
FC89  -  5001   		LDI		R0,1
FC8A  -  5BE0   DB31:	LDPC	R3
FC8B  -  FEC3   		WORD	BVAR
FC8C  -  5801   		RORI	R0,R0,1
FC8D  -  6861   		ST		(R3+TRACE-BVAR),R0	; TRACE<0 MEANS STOP ON RETURNS
FC8E  -  6F63   		ST		(R3+RUTSP-BVAR),R7	; STACK LEVEL
FC8F  -  FFE3   		JR		DB51
FC90  -  4852   DB35:	CMPI	R0,'R'	; EXEC UNTIL RETURN (HIGHER STACK)
FC91  -  9002   		JNZ		DB40
FC92  -  5003   		LDI		R0,3	; TRACE<0 && (TRACE&1) => STOP ON RETURNS IF STACK IS HIGHER
FC93  -  FFF6   		JR		DB31
FC94  -         
FC94  -  4873   DB40:	CMPI	R0,'s'		; STEP
FC95  -  8020   		JZ		IEND0
FC96  -         		;CMPI	R0,'\n'
FC96  -         		;JZ		DBUPD
FC96  -  4820   		CMPI	R0,' '
FC97  -  8F93   		JZ		DBUPD
FC98  -         		
FC98  -  4864   		CMPI	R0,'d'		; DISASSEMBLE
FC99  -  9009   		JNZ		DB50
FC9A  -  719E   		JAL		GETHEX
FC9B  -  0C01   		OR		R4,R0,R0
FC9C  -  7055   		JAL		DISABLK
FC9D  -  5BE0   DB45:	LDPC	R3
FC9E  -  FEC3   		WORD	BVAR
FC9F  -  6C64   		ST		(R3+CADDR-BVAR),R4
FCA0  -  58E0   DB44:	LDPC	R0
FCA1  -  FCE7   		WORD	MSGEBRK+4
FCA2  -  FFC9   		JR		DBPROM
FCA3  -         			
FCA3  -  4862   DB50:	CMPI	R0,'b'		; SET BREAKPOINT
FCA4  -  9005   		JNZ		DB60
FCA5  -  7193   		JAL		GETHEX	
FCA6  -  5BE0   		LDPC	R3
FCA7  -  FEC3   		WORD	BVAR
FCA8  -  6862   		ST		(R3+BREAK-BVAR),R0
FCA9  -  FF81   		JR		DBUPD
FCAA  -         
FCAA  -  486D   DB60:	CMPI	R0,'m'		; DUMP MEMORY
FCAB  -  9004   		JNZ		DB70
FCAC  -  718C   		JAL		GETHEX
FCAD  -  0C01   		OR		R4,R0,R0
FCAE  -  71B1   		JAL		MDUMP
FCAF  -  FFED   		JR		DB45
FCB0  -         		
FCB0  -  4868   DB70:	CMPI	R0,'h'		; PRINT HELP
FCB1  -  9FBB   		JNZ		DBKEY
FCB2  -  58E0   		LDPC	R0
FCB3  -  FEC8   		WORD	MSGHELP
FCB4  -  71DB   		JAL		PUTSBE
FCB5  -  FFEA   		JR		DB44
FCB6  -         
FCB6  -  68A6   IEND0:	ST		(R5+FLAG0-IOBASE),R0	; CLEAR DIRTY
FCB7  -  60E0   IEND:	LD		R0,(R7+0)
FCB8  -  62E2   		LD		R2,(R7+2)
FCB9  -  66E6   		LD		R6,(R7+6)
FCBA  -         
FCBA  -  61E1   IEND2:	LD		R1,(R7+1)
FCBB  -  63E3   		LD		R3,(R7+3)
FCBC  -  64E4   		LD		R4,(R7+4)
FCBD  -  65E5   		LD		R5,(R7+5)
FCBE  -  1707   		ADDI	R7,7
FCBF  -  58E3   		RETI
FCC0  -         
FCC0  -  1B5B   MSGCLS:	ASCZBE "\e[2J\e[H"
FCC1  -  324A   
FCC2  -  1B5B   
FCC3  -  4800   
FCC4  -  1B5B   MSGFLG:	ASCZBE "\e[1;32H<- PC\e[1;39HFlags: "
FCC5  -  313B   
FCC6  -  3332   
FCC7  -  483C   
FCC8  -  2D20   
FCC9  -  5043   
FCCA  -  1B5B   
FCCB  -  313B   
FCCC  -  3339   
FCCD  -  4846   
FCCE  -  6C61   
FCCF  -  6773   
FCD0  -  3A20   
FCD1  -  0000   
FCD2  -  0056   FLGTBL: WORD 'V'
FCD3  -  004E   		WORD 'N'
FCD4  -  0043   		WORD 'C'
FCD5  -  005A   		WORD 'Z'
FCD6  -  1B5B   MSGPOS:	ASCZBE "\e["
FCD7  -  0000   
FCD8  -  3B34   MSGREG:	ASCZBE ";42HR"
FCD9  -  3248   
FCDA  -  5200   
FCDB  -  1B5B   MSGBRK:	ASCZBE "\e[13;39HBreak: "
FCDC  -  3133   
FCDD  -  3B33   
FCDE  -  3948   
FCDF  -  4272   
FCE0  -  6561   
FCE1  -  6B3A   
FCE2  -  2000   
FCE3  -  1B5B   MSGEBRK:	ASCZBE "\e[22;01HhcesnrRbdm>"
FCE4  -  3232   
FCE5  -  3B30   
FCE6  -  3148   
FCE7  -  6863   
FCE8  -  6573   
FCE9  -  6E72   
FCEA  -  5262   
FCEB  -  646D   
FCEC  -  3E00   
FCED  -  3C70   MSGPAUSE:	ASCZBE "<paused>"
FCEE  -  6175   
FCEF  -  7365   
FCF0  -  643E   
FCF1  -  0000   
FCF2  -         
FCF2  -         ;------------------------------------------------------
FCF2  -         ; DISSASEMBLE 20 INSTR AT (R4)
FCF2  -         DISABLK:
FCF2  -  1F01   		SUBI	R7,1
FCF3  -  6EE0   		ST		(R7),R6
FCF4  -         
FCF4  -  5314   		LDI		R3,20
FCF5  -  0891   DISA1:	OR		R0,R4,R4
FCF6  -  71B9   		JAL		PRTHEX
FCF7  -  503A   		LDI		R0,':'
FCF8  -  68A2   		ST		(R5+UARTDAT-IOBASE),R0
FCF9  -  5020   		LDI		R0,' '
FCFA  -  68A2   		ST		(R5+UARTDAT-IOBASE),R0
FCFB  -  6080   		LD		R0,(R4)
FCFC  -  71B3   		JAL		PRTHEX
FCFD  -  59E0   		LDPC	R1
FCFE  -  FEC3   		WORD	LDPCF
FCFF  -  6120   		LD		R1,(R1)
FD00  -  9002   		JNZ		DISA2
FD01  -  700B   		JAL		DISASSEMBLE
FD02  -  F002   		JR		DISA3
FD03  -  5000   DISA2:	LDI		R0,0
FD04  -  6820   		ST		(R1),R0
FD05  -  500A   DISA3:	LDI		R0,'\n'
FD06  -  68A2   		ST		(R5+UARTDAT-IOBASE),R0
FD07  -  1401   		ADDI	R4,1
FD08  -  1B01   		SUBI	R3,1
FD09  -  9FEB   		JNZ		DISA1
FD0A  -         
FD0A  -  66E0   		LD		R6,(R7)
FD0B  -  1701   		ADDI	R7,1
FD0C  -  58FA   		JIND	R6
FD0D  -         
FD0D  -         ;------------------------------------------------------
FD0D  -         ; DISSASEMBLE SINGLE INSTRUCTION AT (R4)
FD0D  -         DISASSEMBLE:
FD0D  -  1F04   		SUBI	R7,4
FD0E  -  68E0   		ST		(R7+0),R0
FD0F  -  69E1   		ST		(R7+1),R1
FD10  -  6DE2   		ST		(R7+2),R5
FD11  -  6EE3   		ST		(R7+3),R6
FD12  -         		
FD12  -  5000   		LDI		R0,0
FD13  -  59E0   		LDPC	R1
FD14  -  FEC3   		WORD	LDPCF
FD15  -  6820   		ST		(R1),R0
FD16  -  5020   		LDI		R0,' '
FD17  -  7185   		JAL		PUTCH
FD18  -  6080   		LD		R0,(R4)
FD19  -  5860   		RORI	R0,R0,12
FD1A  -  300F   		ANDI	R0,0XF
FD1B  -  4807   		CMPI	R0,7
FD1C  -  C00E   		JMI		DIS1
FD1D  -  1015   		ADDI	R0,28-7
FD1E  -  70B3   		JAL		PRNEMO
FD1F  -  6180   		LD		R1,(R4)
FD20  -  5DE0   		LDPC	R5
FD21  -  0FFF   		WORD	0XFFF
FD22  -  0DA4   		AND		R5,R5,R1
FD23  -  5D74   		RORI	R5,R5,12
FD24  -  D001   		JPL		DIS01
FD25  -  3D0F   		ORI		R5,0XF
FD26  -  5D34   DIS01:	RORI	R5,R5,4	
FD27  -  00B0   		ADD		R0,R5,R4
FD28  -  1001   		ADDI	R0,1
FD29  -  7186   		JAL		PRTHEX
FD2A  -  F0A1   		JR		DIS99
FD2B  -         
FD2B  -  4806   DIS1:	CMPI	R0,6
FD2C  -  9031   		JNZ		DIS2
FD2D  -  6180   		LD		R1,(R4)
FD2E  -  5847   		RORI	R0,R1,11
FD2F  -  3001   		ANDI	R0,1
FD30  -  101A   		ADDI	R0,26
FD31  -  70A0   		JAL		PRNEMO
FD32  -  6080   		LD		R0,(R4)
FD33  -  5860   		RORI	R0,R0,12
FD34  -  C014   		JMI		DIS11
FD35  -  5860   		RORI	R0,R0,12	; LD
FD36  -  70B1   		JAL		PRREG
FD37  -  502C   		LDI		R0,','
FD38  -  7164   		JAL		PUTCH
FD39  -  5028   		LDI		R0,'('
FD3A  -  7162   		JAL		PUTCH
FD3B  -  6080   		LD		R0,(R4)
FD3C  -  5821   		RORI	R0,R0,5
FD3D  -  70AA   		JAL		PRREG
FD3E  -  6080   		LD		R0,(R4)
FD3F  -  301F   		ANDI	R0,31
FD40  -  8005   		JZ		DIS13
FD41  -  502B   		LDI		R0,'+'
FD42  -  715A   		JAL		PUTCH
FD43  -  6080   		LD		R0,(R4)
FD44  -  301F   		ANDI	R0,31
FD45  -  715A   		JAL		PRTHEXV
FD46  -  5029   DIS13:	LDI		R0,')'
FD47  -  7155   		JAL		PUTCH
FD48  -  F083   		JR		DIS99
FD49  -  5028   DIS11:	LDI		R0,'('	; ST
FD4A  -  7152   		JAL		PUTCH
FD4B  -  6080   		LD		R0,(R4)
FD4C  -  5821   		RORI	R0,R0,5
FD4D  -  709A   		JAL		PRREG
FD4E  -  6080   		LD		R0,(R4)
FD4F  -  301F   		ANDI	R0,31
FD50  -  8005   		JZ		DIS12
FD51  -  502B   		LDI		R0,'+'
FD52  -  714A   		JAL		PUTCH
FD53  -  6080   		LD		R0,(R4)
FD54  -  301F   		ANDI	R0,31
FD55  -  714A   		JAL		PRTHEXV		
FD56  -  5029   DIS12:	LDI		R0,')'
FD57  -  7145   		JAL		PUTCH
FD58  -  502C   		LDI		R0,','
FD59  -  7143   		JAL		PUTCH
FD5A  -  6080   		LD		R0,(R4)
FD5B  -  5840   		RORI	R0,R0,8
FD5C  -  708B   		JAL		PRREG
FD5D  -  F06E   		JR		DIS99
FD5E  -         		
FD5E  -  4805   DIS2:	CMPI	R0,5
FD5F  -  9048   		JNZ		DIS3
FD60  -  6080   		LD		R0,(R4)
FD61  -  5903   		RORI	R1,R0,3
FD62  -  311C   		ANDI	R1,0X1C
FD63  -  5A22   		RORI	R2,R0,6
FD64  -  3220   		ANDI	R2,0X20
FD65  -  3003   		ANDI	R0,3
FD66  -  0805   		OR		R0,R0,R1
FD67  -  0809   		OR		R0,R0,R2
FD68  -  483F   		CMPI	R0,0X3F
FD69  -  9003   		JNZ		DIS20
FD6A  -  5019   		LDI		R0,25		; RETI
FD6B  -  7066   		JAL		PRNEMO
FD6C  -  F05F   		JR		DIS99
FD6D  -  483E   DIS20:	CMPI	R0,0X3E
FD6E  -  9006   		JNZ		DIS21
FD6F  -  5018   		LDI		R0,24		; JIND
FD70  -  7061   		JAL		PRNEMO
FD71  -  6080   		LD		R0,(R4)
FD72  -  5802   		RORI	R0,R0,2
FD73  -  7074   		JAL		PRREG
FD74  -  F057   		JR		DIS99
FD75  -  483C   DIS21:	CMPI	R0,0X3C
FD76  -  9009   		JNZ		DIS22
FD77  -  5017   		LDI		R0,23		; LDPC
FD78  -  7059   		JAL		PRNEMO
FD79  -  6080   		LD		R0,(R4)
FD7A  -  5840   		RORI	R0,R0,8
FD7B  -  706C   		JAL		PRREG
FD7C  -  58E0   		LDPC	R0
FD7D  -  FEC3   		WORD	LDPCF
FD7E  -  6800   		ST		(R0),R0
FD7F  -  F04C   		JR		DIS99
FD80  -  4830   DIS22:	CMPI	R0,0X30
FD81  -  C00E   		JMI		DIS23
FD82  -  181E   		SUBI	R0,48-18	; RORC - NEG
FD83  -  4816   		CMPI	R0,22
FD84  -  C001   		JMI		DIS221
FD85  -  1801   		SUBI	R0,1
FD86  -  704B   DIS221:	JAL		PRNEMO	
FD87  -  6080   		LD		R0,(R4)
FD88  -  5840   		RORI	R0,R0,8
FD89  -  705E   		JAL		PRREG
FD8A  -  502C   		LDI		R0,','
FD8B  -  7111   		JAL		PUTCH
FD8C  -  6080   		LD		R0,(R4)
FD8D  -  5802   		RORI	R0,R0,2
FD8E  -  7059   		JAL		PRREG	
FD8F  -  F03C   		JR		DIS99
FD90  -  5820   DIS23:	RORI	R0,R0,4
FD91  -  3003   		ANDI	R0,3
FD92  -  4802   		CMPI	R0,2
FD93  -  9014   		JNZ		DIS24
FD94  -  5011   		LDI		R0,17		; RORI
FD95  -  703C   		JAL		PRNEMO
FD96  -  6080   		LD		R0,(R4)
FD97  -  5840   		RORI	R0,R0,8
FD98  -  704F   		JAL		PRREG
FD99  -  502C   		LDI		R0,','
FD9A  -  7102   		JAL		PUTCH
FD9B  -  6080   		LD		R0,(R4)
FD9C  -  5802   		RORI	R0,R0,2
FD9D  -  704A   		JAL		PRREG
FD9E  -  502C   		LDI		R0,','
FD9F  -  70FD   		JAL		PUTCH
FDA0  -  6080   		LD		R0,(R4)
FDA1  -  5903   		RORI	R1,R0,3
FDA2  -  3003   		ANDI	R0,3
FDA3  -  310C   		ANDI	R1,0XC
FDA4  -  0805   		OR		R0,R0,R1
FDA5  -  520A   		LDI		R2,10
FDA6  -  70F9   		JAL		PRTHEXV
FDA7  -  F024   		JR		DIS99
FDA8  -         DIS24:	; LDI
FDA8  -  6080   DIS3:	LD		R0,(R4)		; IMMEDIATE INSTRS
FDA9  -  5843   		RORI	R0,R0,11
FDAA  -  300F   		ANDI	R0,0XF
FDAB  -  1802   		SUBI	R0,2
FDAC  -  C00C   		JMI		DIS4
FDAD  -  1008   		ADDI	R0,8
FDAE  -  7023   		JAL		PRNEMO
FDAF  -  6080   		LD		R0,(R4)
FDB0  -  5840   		RORI	R0,R0,8
FDB1  -  7036   		JAL		PRREG
FDB2  -  502C   		LDI		R0,','
FDB3  -  70E9   		JAL		PUTCH
FDB4  -  6080   		LD		R0,(R4)
FDB5  -  30FF   		ANDI	R0,0XFF
FDB6  -  520A   		LDI		R2,10
FDB7  -  70F1   		JAL		PRTHEX8
FDB8  -  F013   		JR		DIS99
FDB9  -         
FDB9  -  6080   DIS4:	LD		R0,(R4)		; 3-OPERAND INSTRS
FDBA  -  5941   		RORI	R1,R0,9
FDBB  -  3003   		ANDI	R0,3
FDBC  -  3104   		ANDI	R1,4
FDBD  -  0805   		OR		R0,R0,R1
FDBE  -  7013   		JAL		PRNEMO
FDBF  -  6080   		LD		R0,(R4)
FDC0  -  5840   		RORI	R0,R0,8
FDC1  -  7026   		JAL		PRREG
FDC2  -  502C   		LDI		R0,','
FDC3  -  70D9   		JAL		PUTCH
FDC4  -  6080   		LD		R0,(R4)
FDC5  -  5821   		RORI	R0,R0,5
FDC6  -  7021   		JAL		PRREG
FDC7  -  502C   		LDI		R0,','
FDC8  -  70D4   		JAL		PUTCH
FDC9  -  6080   		LD		R0,(R4)
FDCA  -  5802   		RORI	R0,R0,2
FDCB  -  701C   		JAL		PRREG
FDCC  -         		
FDCC  -         
FDCC  -         DIS99:	
FDCC  -  60E0   		LD		R0,(R7+0)
FDCD  -  61E1   		LD		R1,(R7+1)
FDCE  -  65E2   		LD		R5,(R7+2)
FDCF  -  66E3   		LD		R6,(R7+3)
FDD0  -  1704   		ADDI	R7,4
FDD1  -  58FA   		JIND	R6
FDD2  -         		
FDD2  -         
FDD2  -  5122   PRNEMO:	LDI		R1,UARTDAT
FDD3  -  5520   		LDI		R5,' '
FDD4  -  6D20   		ST		(R1),R5
FDD5  -  6D20   		ST		(R1),R5		
FDD6  -  5DE0   		LDPC	R5
FDD7  -  FDEF   		WORD	NMTAB
FDD8  -  0000   		ADD		R0,R0,R0
FDD9  -  05A0   		ADD		R5,R5,R0
FDDA  -  60A0   		LD		R0,(R5)
FDDB  -  5840   		RORI	R0,R0,8
FDDC  -  6820   		ST		(R1),R0
FDDD  -  5840   		RORI	R0,R0,8
FDDE  -  6820   		ST		(R1),R0
FDDF  -  60A1   		LD		R0,(R5+1)
FDE0  -  5840   		RORI	R0,R0,8
FDE1  -  6820   		ST		(R1),R0
FDE2  -  5840   		RORI	R0,R0,8
FDE3  -  6820   		ST		(R1),R0
FDE4  -  5520   		LDI		R5,' '
FDE5  -  6D20   		ST		(R1),R5
FDE6  -  6D20   		ST		(R1),R5
FDE7  -  58FA   		JIND	R6
FDE8  -         
FDE8  -  5122   PRREG:	LDI		R1,UARTDAT
FDE9  -  5252   		LDI		R2,'R'
FDEA  -  6A20   		ST		(R1),R2
FDEB  -  3007   		ANDI	R0,7
FDEC  -  1030   		ADDI	R0,'0'
FDED  -  6820   		ST		(R1),R0
FDEE  -  58FA   		JIND	R6
FDEF  -         		
FDEF  -         
FDEF  -         				
FDEF  -  4144   NMTAB:	WORD ('A'<<8)|'D'	; 0: ADD
FDF0  -  4420   		WORD ('D'<<8)|' '
FDF1  -  5355   		WORD ('S'<<8)|'U'	; 1: SUB
FDF2  -  4220   		WORD ('B'<<8)|' '				
FDF3  -  4144   		WORD ('A'<<8)|'D'	; 2: ADC
FDF4  -  4320   		WORD ('C'<<8)|' '				
FDF5  -  5342   		WORD ('S'<<8)|'B'	; 3: SBC
FDF6  -  4320   		WORD ('C'<<8)|' '				
FDF7  -  414E   		WORD ('A'<<8)|'N'	; 4: AND
FDF8  -  4420   		WORD ('D'<<8)|' '				
FDF9  -  4F52   		WORD ('O'<<8)|'R'	; 5: OR
FDFA  -  2020   		WORD (' '<<8)|' '				
FDFB  -  584F   		WORD ('X'<<8)|'O'	; 6: XOR
FDFC  -  5220   		WORD ('R'<<8)|' '				
FDFD  -  4249   		WORD ('B'<<8)|'I'	; 7: BIC
FDFE  -  4320   		WORD ('C'<<8)|' '				
FDFF  -  4144   		WORD ('A'<<8)|'D'	; 8: ADDI
FE00  -  4449   		WORD ('D'<<8)|'I'				
FE01  -  5355   		WORD ('S'<<8)|'U'	; 9: SUBI
FE02  -  4249   		WORD ('B'<<8)|'I'				
FE03  -  4144   		WORD ('A'<<8)|'D'	; 10: ADCI
FE04  -  4349   		WORD ('C'<<8)|'I'				
FE05  -  5342   		WORD ('S'<<8)|'B'	; 11: SBCI
FE06  -  4349   		WORD ('C'<<8)|'I'				
FE07  -  414E   		WORD ('A'<<8)|'N'	; 12: ANDI
FE08  -  4449   		WORD ('D'<<8)|'I'				
FE09  -  4F52   		WORD ('O'<<8)|'R'	; 13: ORI
FE0A  -  4920   		WORD ('I'<<8)|' '				
FE0B  -  584F   		WORD ('X'<<8)|'O'	; 14: XORI
FE0C  -  5249   		WORD ('R'<<8)|'I'				
FE0D  -  434D   		WORD ('C'<<8)|'M'	; 15: CMPI
FE0E  -  5049   		WORD ('P'<<8)|'I'				
FE0F  -  4C44   		WORD ('L'<<8)|'D'	; 16: LDI
FE10  -  4920   		WORD ('I'<<8)|' '				
FE11  -  524F   		WORD ('R'<<8)|'O'	; 17: RORI
FE12  -  5249   		WORD ('R'<<8)|'I'				
FE13  -  524F   		WORD ('R'<<8)|'O'	; 18: RORC
FE14  -  5243   		WORD ('R'<<8)|'C'				
FE15  -  5348   		WORD ('S'<<8)|'H'	; 19: SHR
FE16  -  5220   		WORD ('R'<<8)|' '				
FE17  -  5348   		WORD ('S'<<8)|'H'	; 20: SHRA
FE18  -  5241   		WORD ('R'<<8)|'A'				
FE19  -  4E4F   		WORD ('N'<<8)|'O'	; 21: NOT
FE1A  -  5420   		WORD ('T'<<8)|' '				
FE1B  -  4E45   		WORD ('N'<<8)|'E'	; 22: NEG
FE1C  -  4720   		WORD ('G'<<8)|' '				
FE1D  -  4C44   		WORD ('L'<<8)|'D'	; 23: LDPC
FE1E  -  5043   		WORD ('P'<<8)|'C'				
FE1F  -  4A49   		WORD ('J'<<8)|'I'	; 24: JIND
FE20  -  4E44   		WORD ('N'<<8)|'D'				
FE21  -  5245   		WORD ('R'<<8)|'E'	; 25: RETI
FE22  -  5449   		WORD ('T'<<8)|'I'				
FE23  -  4C44   		WORD ('L'<<8)|'D'	; 26: LD
FE24  -  2020   		WORD (' '<<8)|' '				
FE25  -  5354   		WORD ('S'<<8)|'T'	; 27: ST
FE26  -  2020   		WORD (' '<<8)|' '				
FE27  -  4A41   		WORD ('J'<<8)|'A'	; 28: JAL
FE28  -  4C20   		WORD ('L'<<8)|' '				
FE29  -  4A5A   		WORD ('J'<<8)|'Z'	; 29: JZ
FE2A  -  2020   		WORD (' '<<8)|' '				
FE2B  -  4A4E   		WORD ('J'<<8)|'N'	; 30: JNZ
FE2C  -  5A20   		WORD ('Z'<<8)|' '				
FE2D  -  4A43   		WORD ('J'<<8)|'C'	; 31: JC
FE2E  -  2020   		WORD (' '<<8)|' '				
FE2F  -  4A4E   		WORD ('J'<<8)|'N'	; 32: JNC
FE30  -  4320   		WORD ('C'<<8)|' '				
FE31  -  4A4D   		WORD ('J'<<8)|'M'	; 33: JMI
FE32  -  4920   		WORD ('I'<<8)|' '				
FE33  -  4A50   		WORD ('J'<<8)|'P'	; 34: JPL
FE34  -  4C20   		WORD ('L'<<8)|' '				
FE35  -  4A56   		WORD ('J'<<8)|'V'	; 35: JV
FE36  -  2020   		WORD (' '<<8)|' '		
FE37  -  4A52   		WORD ('J'<<8)|'R'	; 36: JR
FE38  -  2020   		WORD (' '<<8)|' '				
FE39  -         
FE39  -         ;-------------------------------------------------------------------
FE39  -         ; 	GET AN HEX VALUE FROM UART, WITH EDITING
FE39  -         ;     CADDR HOLDS THE INITIAL VALUE
FE39  -         ;     R0 CONTENTS ARE PRINTED AS CHAR IN FRONT TO THE HEX VALUE
FE39  -         ;	  R5 MUST BE 0X20 (IOBASE)
FE39  -         ;     R0 RETURNS THE EDITED VALUE
FE39  -         ;   HEX DIGITS ARE SHIFTED TO THE LEFT UNTIL AN NEW-LINE IS RECEIVED
FE39  -  1F01   GETHEX:	SUBI	R7,1
FE3A  -  6EE0   		ST		(R7),R6
FE3B  -  68A2   		ST		(R5+UARTDAT-IOBASE),R0
FE3C  -  5020   		LDI		R0,' '
FE3D  -  68A2   		ST		(R5+UARTDAT-IOBASE),R0
FE3E  -  5BE0   		LDPC	R3
FE3F  -  FEC3   		WORD	BVAR
FE40  -  6064   		LD		R0,(R3+CADDR-BVAR)
FE41  -  706E   GHEX1:	JAL		PRTHEX
FE42  -  61A2   		LD		R1,(R5+UARTDAT-IOBASE)
FE43  -  490A   		CMPI	R1,'\n'
FE44  -  8017   		JZ		GHEX95
FE45  -  4930   		CMPI	R1,'0'
FE46  -  C00F   		JMI		GHEX9
FE47  -  4960   		CMPI	R1,'a'-1
FE48  -  C001   		JMI		GHEX2
FE49  -  1920   		SUBI	R1,32
FE4A  -  493A   GHEX2:	CMPI	R1,'9'+1
FE4B  -  C005   		JMI		GHEX3
FE4C  -  4940   		CMPI	R1,'A'-1
FE4D  -  C008   		JMI		GHEX9
FE4E  -  4947   		CMPI	R1,'F'+1
FE4F  -  D006   		JPL		GHEX9
FE50  -  1907   		SUBI	R1,7
FE51  -  1930   GHEX3:	SUBI	R1,'0'
FE52  -  5860   		RORI	R0,R0,12
FE53  -  380F   		ORI		R0,0XF
FE54  -  400F   		XORI	R0,0XF
FE55  -  0004   		ADD		R0,R0,R1
FE56  -         		
FE56  -  5108   GHEX9:	LDI		R1,'\b'
FE57  -  69A2   		ST		(R5+UARTDAT-IOBASE),R1
FE58  -  69A2   		ST		(R5+UARTDAT-IOBASE),R1
FE59  -  69A2   		ST		(R5+UARTDAT-IOBASE),R1
FE5A  -  69A2   		ST		(R5+UARTDAT-IOBASE),R1
FE5B  -  FFE5   		JR		GHEX1			
FE5C  -         
FE5C  -  69A2   GHEX95:	ST		(R5+UARTDAT-IOBASE),R1
FE5D  -  66E0   		LD		R6,(R7)
FE5E  -  1701   		ADDI	R7,1
FE5F  -  58FA   		JIND	R6
FE60  -         ;-------------------------------------------------------------------
FE60  -         ; HEX DUMP OF THE MEMORY BLOCK POINTED BY R4
FE60  -  1F01   MDUMP:	SUBI	R7,1
FE61  -  6EE0   		ST		(R7),R6
FE62  -  5310   		LDI		R3,16
FE63  -  0891   MD1:	OR		R0,R4,R4
FE64  -  704B   		JAL		PRTHEX			; ADDRESS
FE65  -  513A   		LDI		R1,':'
FE66  -  69A2   		ST		(R5+UARTDAT-IOBASE),R1
FE67  -  5120   		LDI		R1,' '
FE68  -  69A2   		ST		(R5+UARTDAT-IOBASE),R1
FE69  -  5208   		LDI		R2,8
FE6A  -  6080   MD2:	LD		R0,(R4)			; DATA
FE6B  -  7044   		JAL		PRTHEX
FE6C  -  5120   		LDI		R1,' '
FE6D  -  69A2   		ST		(R5+UARTDAT-IOBASE),R1
FE6E  -  1401   		ADDI	R4,1
FE6F  -  1A01   		SUBI	R2,1
FE70  -  9FF9   		JNZ		MD2
FE71  -  5120   		LDI		R1,' '
FE72  -  69A2   		ST		(R5+UARTDAT-IOBASE),R1
FE73  -  69A2   		ST		(R5+UARTDAT-IOBASE),R1
FE74  -         		
FE74  -  1C08   		SUBI	R4,8
FE75  -  5208   		LDI		R2,8
FE76  -  6080   MD3:	LD		R0,(R4)
FE77  -  5940   		RORI	R1,R0,8
FE78  -  7010   		JAL		GOODCH
FE79  -  69A2   		ST		(R5+UARTDAT-IOBASE),R1
FE7A  -  0901   		OR		R1,R0,R0
FE7B  -  700D   		JAL		GOODCH
FE7C  -  69A2   		ST		(R5+UARTDAT-IOBASE),R1
FE7D  -  5120   		LDI		R1,' '
FE7E  -  69A2   		ST		(R5+UARTDAT-IOBASE),R1
FE7F  -  1401   		ADDI	R4,1
FE80  -  1A01   		SUBI	R2,1
FE81  -  9FF4   		JNZ		MD3
FE82  -  510A   		LDI		R1,'\n'
FE83  -  69A2   		ST		(R5+UARTDAT-IOBASE),R1
FE84  -  1B01   		SUBI	R3,1
FE85  -  9FDD   		JNZ		MD1
FE86  -         		
FE86  -  66E0   		LD		R6,(R7)
FE87  -  1701   		ADDI	R7,1
FE88  -  58FA   		JIND	R6
FE89  -         
FE89  -         ;--------------------------------------
FE89  -         ; 		FORCES A GOOD ASCII CHAR IN R1
FE89  -  31FF   GOODCH:	ANDI	R1,0XFF
FE8A  -  497F   		CMPI	R1,127
FE8B  -  D002   		JPL		GOCH1
FE8C  -  4920   		CMPI	R1,' '
FE8D  -  D001   		JPL		GOCH2
FE8E  -  512E   GOCH1:	LDI		R1,'.'
FE8F  -  58FA   GOCH2:	JIND	R6
FE90  -         
FE90  -         ;-------------------------------------------------------------------
FE90  -         ; I/O SUBROUTINES
FE90  -         ;-------------------------------------------------------------------
FE90  -         
FE90  -         ;------------------------------------------------------------
FE90  -         ; PRINTS ASCIIZ (16-BIT PACKED, BIG ENDIAN) STRING ON UART 
FE90  -         ; PARAMETERS:
FE90  -         ;	R0: POINTER TO STRING
FE90  -         ;	R6: RETURN ADDRESS (JAL)
FE90  -         ; RETURS:
FE90  -         ; 	R0-R2: MODIFIED
FE90  -         
FE90  -  5222   PUTSBE:	LDI		R2,UARTDAT
FE91  -         PUTSBE1:
FE91  -  6100   		LD		R1,(R0)
FE92  -  5944   		RORI	R1,R1,8
FE93  -  31FF   		ANDI	R1,0XFF
FE94  -  8007   		JZ		PUTSBE3
FE95  -  6940   		ST		(R2),R1
FE96  -         		
FE96  -  6100   		LD		R1,(R0)
FE97  -  31FF   		ANDI	R1,0XFF
FE98  -  8003   		JZ		PUTSBE3
FE99  -  6940   		ST		(R2),R1
FE9A  -  1001   		ADDI	R0,1
FE9B  -  FFF5   		JR		PUTSBE1
FE9C  -         
FE9C  -         PUTSBE3:
FE9C  -  58FA   		JIND	R6
FE9D  -         ;----------------------------------------------
FE9D  -         ; SENDS CHARACTER TO UART
FE9D  -         ; PARAMETERS:
FE9D  -         ;	R0: CHARACTER TO SEND
FE9D  -         ;	R6: RETURN ADDRESS (JAL)
FE9D  -         ; RETURNS:
FE9D  -         ; 	R1: MODIFFIED
FE9D  -         ; NOTES: CPU CLOCK STOPS IF UART NOT READY FOR TRANSMISSION
FE9D  -         
FE9D  -  5122   PUTCH:	LDI		R1,UARTDAT
FE9E  -  6820   		ST		(R1),R0		
FE9F  -  58FA   		JIND	R6			
FEA0  -         
FEA0  -         ;------------------------------------------------
FEA0  -         ; PRINT LOWER 8 BITS OF R0 AS HEX (1 OR 2 DIGITS)
FEA0  -         PRTHEXV:
FEA0  -  1F02   		SUBI	R7,2
FEA1  -  6AE0   		ST		(R7),R2
FEA2  -  6EE1   		ST		(R7+1),R6
FEA3  -  5622   		LDI		R6,UARTDAT
FEA4  -  4810   		CMPI	R0,0X10
FEA5  -  D007   		JPL		PRTH81
FEA6  -  5201   		LDI		R2,1
FEA7  -  5820   		RORI	R0,R0,4
FEA8  -  F00C   		JR		PTX1
FEA9  -         ;-------------------------------------------
FEA9  -         ; PRINT LOWER 8 BITS OF R0 AS HEX (2 DIGITS)
FEA9  -         PRTHEX8:
FEA9  -  1F02   		SUBI	R7,2
FEAA  -  6AE0   		ST		(R7),R2
FEAB  -  6EE1   		ST		(R7+1),R6
FEAC  -  5622   		LDI		R6,UARTDAT
FEAD  -  5202   PRTH81:	LDI		R2,2
FEAE  -  5840   		RORI	R0,R0,8
FEAF  -  F005   		JR		PTX1
FEB0  -         
FEB0  -         ;--------------------------------------
FEB0  -         ; PRINT 16 BITS OF R0 AS HEX (4 DIGITS)
FEB0  -  1F02   PRTHEX:	SUBI	R7,2
FEB1  -  6AE0   		ST		(R7),R2
FEB2  -  6EE1   		ST		(R7+1),R6
FEB3  -  5622   		LDI		R6,UARTDAT
FEB4  -  5204   		LDI		R2,4
FEB5  -  5860   PTX1:	RORI	R0,R0,12
FEB6  -  0901   		OR		R1,R0,R0
FEB7  -  310F   		ANDI	R1,15
FEB8  -  490A   		CMPI	R1,10
FEB9  -  C001   		JMI		PTX2
FEBA  -  1107   		ADDI	R1,7
FEBB  -  1130   PTX2:	ADDI	R1,'0'
FEBC  -  69C0   		ST		(R6),R1
FEBD  -  1A01   		SUBI	R2,1
FEBE  -  9FF6   		JNZ		PTX1
FEBF  -  62E0   		LD		R2,(R7)
FEC0  -  66E1   		LD		R6,(R7+1)
FEC1  -  1702   		ADDI	R7,2
FEC2  -  58FA   		JIND	R6
FEC3  -         
FEC3  -         ;-------------------------------------------------------------------
FEC3  -         ; VARIABLES
FEC3  -         ;-------------------------------------------------------------------
FEC3  -         BVAR:
FEC3  -  0000   LDPCF:	WORD	0
FEC4  -  0000   TRACE:	WORD	0
FEC5  -  0000   BREAK:	WORD 	0
FEC6  -  0000   RUTSP:	WORD	0
FEC7  -  0100   CADDR:	WORD	0X100
FEC8  -         
FEC8  -         ;-------------------------------------------------------------------
FEC8  -         ; TEXT (OVERWRITABLE BY THE STACK...MAYBE)
FEC8  -         ;-------------------------------------------------------------------
FEC8  -  0A3C   MSGHELP:	ASCZBE "\n<space>\tredraw screen\nc\tContinue (no stop)\ne\tExecute (w breakpoint)\ns\tSingle step\nn\texec until Next instr\nr\texec until return (JIND R6)\nR\texec until return at higher stack level\nb [adr]\tset Breakpoint\nd [adr]\tDissasemble\nm [adr]\tMemory dump\n"
FEC9  -  7370   
FECA  -  6163   
FECB  -  653E   
FECC  -  0972   
FECD  -  6564   
FECE  -  7261   
FECF  -  7720   
FED0  -  7363   
FED1  -  7265   
FED2  -  656E   
FED3  -  0A63   
FED4  -  0943   
FED5  -  6F6E   
FED6  -  7469   
FED7  -  6E75   
FED8  -  6520   
FED9  -  286E   
FEDA  -  6F20   
FEDB  -  7374   
FEDC  -  6F70   
FEDD  -  290A   
FEDE  -  6509   
FEDF  -  4578   
FEE0  -  6563   
FEE1  -  7574   
FEE2  -  6520   
FEE3  -  2877   
FEE4  -  2062   
FEE5  -  7265   
FEE6  -  616B   
FEE7  -  706F   
FEE8  -  696E   
FEE9  -  7429   
FEEA  -  0A73   
FEEB  -  0953   
FEEC  -  696E   
FEED  -  676C   
FEEE  -  6520   
FEEF  -  7374   
FEF0  -  6570   
FEF1  -  0A6E   
FEF2  -  0965   
FEF3  -  7865   
FEF4  -  6320   
FEF5  -  756E   
FEF6  -  7469   
FEF7  -  6C20   
FEF8  -  4E65   
FEF9  -  7874   
FEFA  -  2069   
FEFB  -  6E73   
FEFC  -  7472   
FEFD  -  0A72   
FEFE  -  0965   
FEFF  -  7865   
FF00  -  6320   
FF01  -  756E   
FF02  -  7469   
FF03  -  6C20   
FF04  -  7265   
FF05  -  7475   
FF06  -  726E   
FF07  -  2028   
FF08  -  4A49   
FF09  -  4E44   
FF0A  -  2052   
FF0B  -  3629   
FF0C  -  0A52   
FF0D  -  0965   
FF0E  -  7865   
FF0F  -  6320   
FF10  -  756E   
FF11  -  7469   
FF12  -  6C20   
FF13  -  7265   
FF14  -  7475   
FF15  -  726E   
FF16  -  2061   
FF17  -  7420   
FF18  -  6869   
FF19  -  6768   
FF1A  -  6572   
FF1B  -  2073   
FF1C  -  7461   
FF1D  -  636B   
FF1E  -  206C   
FF1F  -  6576   
FF20  -  656C   
FF21  -  0A62   
FF22  -  205B   
FF23  -  6164   
FF24  -  725D   
FF25  -  0973   
FF26  -  6574   
FF27  -  2042   
FF28  -  7265   
FF29  -  616B   
FF2A  -  706F   
FF2B  -  696E   
FF2C  -  740A   
FF2D  -  6420   
FF2E  -  5B61   
FF2F  -  6472   
FF30  -  5D09   
FF31  -  4469   
FF32  -  7373   
FF33  -  6173   
FF34  -  656D   
FF35  -  626C   
FF36  -  650A   
FF37  -  6D20   
FF38  -  5B61   
FF39  -  6472   
FF3A  -  5D09   
FF3B  -  4D65   
FF3C  -  6D6F   
FF3D  -  7279   
FF3E  -  2064   
FF3F  -  756D   
FF40  -  700A   
FF41  -  0000   
FF42  -  0A55   TXTLOAD:	ASCZBE "\nUpload program to debug\n"
FF43  -  706C   
FF44  -  6F61   
FF45  -  6420   
FF46  -  7072   
FF47  -  6F67   
FF48  -  7261   
FF49  -  6D20   
FF4A  -  746F   
FF4B  -  2064   
FF4C  -  6562   
FF4D  -  7567   
FF4E  -  0A00   
FF4F  -         ;-------------------------------------------------------------------
FF4F  -         ;
FF4F  -         ;		MAIN (OVERWRITABLE BY THE STACK)
FF4F  -         ;
FF4F  -         ;-------------------------------------------------------------------
FF4F  -         PSTART:	
FF4F  -         START:	
FF4F  -  5700   		LDI		R7,0
FF50  -         
FF50  -  58E0   		LDPC	R0
FF51  -  FF42   		WORD	TXTLOAD
FF52  -  7F3D   		JAL		PUTSBE
FF53  -         
FF53  -         		; BOOTLOADER-LIKE CODE
FF53  -  5520   		LDI		R5,IOBASE
FF54  -  60A2   BUC1:	LD		R0,(R5+UARTDAT-IOBASE)
FF55  -  484C   		CMPI	R0,'L'
FF56  -  9FFD   		JNZ		BUC1
FF57  -  68A2   		ST		(R5+UARTDAT-IOBASE),R0
FF58  -  7018   		JAL		GETW
FF59  -  0A01   		OR		R2,R0,R0		; ADDRESS
FF5A  -  7016   		JAL		GETW
FF5B  -  0B01   		OR		R3,R0,R0		; COUNT
FF5C  -  7014   		JAL		GETW
FF5D  -  0C01   		OR		R4,R0,R0		; ENTRY POINT
FF5E  -         
FF5E  -  7012   BUC2:	JAL		GETW
FF5F  -  6840   		ST		(R2),R0
FF60  -  1201   		ADDI	R2,1
FF61  -  1B01   		SUBI	R3,1
FF62  -  9FFB   		JNZ		BUC2
FF63  -         
FF63  -         		; SET IRQ JUMP 
FF63  -  51FF   		LDI		R1,0XFF
FF64  -  58E0   		LDPC	R0
FF65  -  FAEF   		WORD	JMPIRQ
FF66  -  6831   		ST		(R1+0X110-0XFF),R0
FF67  -         		; SET TRACE, BREAK, CLEAR DIRTY
FF67  -  5AE0   		LDPC	R2
FF68  -  FEC3   		WORD	BVAR
FF69  -  5000   		LDI		R0,0
FF6A  -  6941   		ST		(R2+TRACE-BVAR),R1
FF6B  -  6842   		ST		(R2+BREAK-BVAR),R0
FF6C  -  68A6   		ST		(R5+FLAG0-IOBASE),R0
FF6D  -         
FF6D  -         		; ENABLE SSTEP IRQ
FF6D  -  60A0   		LD		R0,(R5+IRQEN-IOBASE)
FF6E  -  3810   		ORI		R0,0X10
FF6F  -  68A0   		ST		(R5+IRQEN-IOBASE),R0
FF70  -         		; AND JUMP TO CODE
FF70  -  58F2   		JIND	R4
FF71  -         
FF71  -         ;-------------------------------------------------------------------
FF71  -         ; GET 16-BIT WORD FROM UART (TWO BYTES)
FF71  -  60A2   GETW:	LD		R0,(R5+UARTDAT-IOBASE)	; LSB
FF72  -  61A2   		LD		R1,(R5+UARTDAT-IOBASE)	; MSB
FF73  -  5944   		RORI	R1,R1,8
FF74  -  0805   		OR		R0,R0,R1
FF75  -  58FA   		JIND	R6
FF76  -         
FF76  -         
FF76  -         PEND:
FF76  -         
FF76  -         
FF76  -         
