#-----------------------------------------------------------
# Vivado v2024.1 (64-bit)
# SW Build 5076996 on Wed May 22 18:37:14 MDT 2024
# IP Build 5075265 on Wed May 22 21:45:21 MDT 2024
# SharedData Build 5076995 on Wed May 22 18:29:18 MDT 2024
# Start of session at: Sun Mar  9 23:14:45 2025
# Process ID: 16940
# Current directory: D:/Github/tt10-multiplier_UART_SPI/vivado/project_1
# Command line: vivado.exe -gui_launcher_event rodinguilauncherevent1808 D:\Github\tt10-multiplier_UART_SPI\vivado\project_1\project_1.xpr
# Log file: D:/Github/tt10-multiplier_UART_SPI/vivado/project_1/vivado.log
# Journal file: D:/Github/tt10-multiplier_UART_SPI/vivado/project_1\vivado.jou
# Running On        :GHOST
# Platform          :Windows Server 2016 or Windows 10
# Operating System  :19045
# Processor Detail  :Intel(R) Core(TM) i5-10300H CPU @ 2.50GHz
# CPU Frequency     :2496 MHz
# CPU Physical cores:4
# CPU Logical cores :8
# Host memory       :17041 MB
# Swap memory       :1073 MB
# Total Virtual     :18114 MB
# Available Virtual :9601 MB
#-----------------------------------------------------------
start_gui
open_project D:/Github/tt10-multiplier_UART_SPI/vivado/project_1/project_1.xpr
update_compile_order -fileset sources_1
launch_simulation
open_wave_config D:/Github/tt10-multiplier_UART_SPI/vivado/project_1/tb_i8bit_mul_behav.wcfg
source multiply_core_uart_spi.tcl
restart
run 200 ns
current_wave_config {tb_i8bit_mul_behav.wcfg}
add_wave {{/multiply_core_uart_spi}} 
# Disabling source management mode.  This is to allow the top design properties to be set without GUI intervention.
set_property source_mgmt_mode None [current_project]
set_property top tb_i8bit_mul_interface [get_filesets sim_1]
set_property top_lib xil_defaultlib [get_filesets sim_1]
# Re-enabling previously disabled source management mode.
set_property source_mgmt_mode All [current_project]
update_compile_order -fileset sim_1
launch_simulation
close_sim
launch_simulation
open_wave_config D:/Github/tt10-multiplier_UART_SPI/vivado/project_1/tb_i8bit_mul_behav.wcfg
source tb_i8bit_mul_interface.tcl
current_wave_config {tb_i8bit_mul_behav.wcfg}
add_wave {{/tb_i8bit_mul_interface}} 
current_wave_config {tb_i8bit_mul_behav.wcfg}
add_wave {{/tb_i8bit_mul_interface/dut/i8bit_mul_uut}} 
restart
run 200 ns
relaunch_sim
restart
run 200 ns
current_wave_config {tb_i8bit_mul_behav.wcfg}
add_wave {{/tb_i8bit_mul_interface/dut}} 
restart
run 200 ns
relaunch_sim
relaunch_sim
restart
run 200 ns
relaunch_sim
restart
run 200 ns
current_wave_config {tb_i8bit_mul_behav.wcfg}
add_wave {{/tb_i8bit_mul_interface}} 
current_wave_config {tb_i8bit_mul_behav.wcfg}
add_wave {{/tb_i8bit_mul_interface/dut/i8bit_mul_uut}} 
restart
run 200 ns
current_wave_config {tb_i8bit_mul_behav.wcfg}
add_wave {{/tb_i8bit_mul_interface/dut}} 
restart
run 200 ns
relaunch_sim
restart
run 200 ns
relaunch_sim
restart
run 200 ns
relaunch_sim
restart
run 200 ns
relaunch_sim
restart
run 200 ns
relaunch_sim
restart
run 200 ns
relaunch_sim
relaunch_sim
restart
run 200 ns
relaunch_sim
restart
run 200 ns
relaunch_sim
restart
run 200 ns
run 200 ns
# Disabling source management mode.  This is to allow the top design properties to be set without GUI intervention.
set_property source_mgmt_mode None [current_project]
set_property top uart_rx_tx_tb [get_filesets sim_1]
set_property top_lib xil_defaultlib [get_filesets sim_1]
# Re-enabling previously disabled source management mode.
set_property source_mgmt_mode All [current_project]
update_compile_order -fileset sim_1
close_sim
